[colorashow.com/index.html]
[backblue.gif]
[fade.gif]
[index.html]
[colorashow.com/wp-includes/css/dist/block-library/style.min9b30.css]
[colorashow.com/wp-content/themes/hello-elementor/style.minc141.css]
[colorashow.com/wp-content/themes/hello-elementor/theme.minc141.css]
[colorashow.com/feed/index.html]
[colorashow.com/comments/feed/index.html]
[colorashow.com/sample-page/feed/index.html]
[colorashow.com/wp-content/plugins/elementor/assets/css/frontend-lite.minb5ca.css]
[colorashow.com/wp-content/uploads/elementor/css/post-51245.css]
[colorashow.com/wp-content/plugins/elementor/assets/lib/eicons/css/elementor-icons.min3b94.css]
[colorashow.com/wp-content/plugins/elementor/assets/lib/swiper/v8/css/swiper.min94a4.css]
[colorashow.com/wp-content/plugins/elementor-pro/assets/css/frontend-lite.min991d.css]
[colorashow.com/wp-content/uploads/elementor/css/globalf1fd.css]
[colorashow.com/wp-content/uploads/elementor/css/post-2fe51.css]
[colorashow.com/wp-content/uploads/elementor/css/post-31ddc4.css]
[colorashow.com/wp-content/uploads/elementor/css/post-219c2d3.css]
[colorashow.com/wp-content/plugins/elementor/assets/lib/font-awesome/css/fontawesome.min52d5.css]
[colorashow.com/wp-content/plugins/elementor/assets/lib/font-awesome/css/solid.min52d5.css]
[colorashow.com/wp-content/plugins/elementor/assets/lib/font-awesome/css/brands.min52d5.css]
[colorashow.com/wp-includes/js/jquery/jquery.min3088.js]
[colorashow.com/wp-includes/js/jquery/jquery-migrate.min5589.js]
[colorashow.com/wp-json/wp/v2/pages/2.json]
[colorashow.com/wp-json/index.html]
[colorashow.com/xmlrpc0db0.php]
[colorashow.com/wp-json/oembed/1.0/embed7170.json]
[colorashow.com/wp-json/oembed/1.0/embede72f]
[connect.facebook.net/en_US/fbevents.js]
[colorashow.com/wp-content/uploads/2023/03/default-monochrome.svg]
[colorashow.com/wp-content/plugins/elementor-pro/assets/css/widget-nav-menu.min.css]
[colorashow.com/wp-content/plugins/elementor-pro/assets/css/widget-animated-headline.min.css]
[colorashow.com/channels/index.html]
[colorashow.com/wp-content/plugins/elementor/assets/css/widget-icon-box.min.css]
[colorashow.com/wp-content/uploads/2023/07/M3gan.webp]
[colorashow.com/wp-content/uploads/2023/07/Mayfair-Witches.webp]
[colorashow.com/wp-content/uploads/2023/07/ginny-and-georgia.webp]
[colorashow.com/wp-content/uploads/2023/07/Godfather-Of-Harlem.webp]
[colorashow.com/wp-content/plugins/elementor/assets/css/widget-icon-list.min.css]
[colorashow.com/wp-content/plugins/elementor-pro/assets/css/widget-carousel.min.css]
[cdn.shopify.com/s/files/1/0076/2570/3490/files/Customer-Care853d.jpg]
[colorashow.com/wp-content/plugins/elementor/assets/lib/e-gallery/css/e-gallery.min7359.css]
[colorashow.com/wp-content/uploads/forminator/css/style-424e68a.css]
[colorashow.com/wp-content/plugins/forminator/assets/forminator-ui/css/forminator-icons.mine833.css]
[colorashow.com/wp-content/plugins/forminator/assets/forminator-ui/css/src/forminator-utilities.mine833.css]
[colorashow.com/wp-content/plugins/forminator/assets/forminator-ui/css/src/grid/forminator-grid.open.mine833.css]
[colorashow.com/wp-content/plugins/forminator/assets/forminator-ui/css/src/form/forminator-form-material.base.mine833.css]
[colorashow.com/wp-content/plugins/forminator/assets/forminator-ui/css/src/form/forminator-form-material.select2.mine833.css]
[colorashow.com/wp-content/plugins/forminator/assets/forminator-ui/css/src/form/forminator-form-material.full.mine833.css]
[colorashow.com/wp-content/plugins/forminator/assets/css/intlTelInput.minfa0c.css]
[colorashow.com/wp-includes/css/buttons.min9b30.css]
[colorashow.com/wp-content/uploads/forminator/css/style-450db2d.css]
[colorashow.com/wp-content/uploads/forminator/css/style-4517e77.css]
[colorashow.com/wp-content/uploads/forminator/css/style-4524a2a.css]
[colorashow.com/wp-content/uploads/forminator/css/style-4538509.css]
[colorashow.com/wp-content/plugins/elementor/assets/lib/animations/animations.minb5ca.css]
[colorashow.com/wp-content/themes/hello-elementor/assets/js/hello-frontend.min8a54.js]
[colorashow.com/wp-content/plugins/elementor-pro/assets/lib/smartmenus/jquery.smartmenus.minf269.js]
[colorashow.com/wp-content/plugins/elementor/assets/lib/e-gallery/js/e-gallery.min7359.js]
[colorashow.com/wp-content/plugins/forminator/assets/forminator-ui/js/select2.full.mine833.js]
[colorashow.com/wp-content/plugins/forminator/assets/js/library/jquery.validate.mine833.js]
[colorashow.com/wp-content/plugins/forminator/assets/forminator-ui/js/forminator-form.mine833.js]
[colorashow.com/wp-content/plugins/forminator/assets/js/library/intlTelInput.mine833.js]
[colorashow.com/wp-content/plugins/forminator/build/front/front.multi.mine833.js]
[colorashow.com/wp-includes/js/imagesloaded.mineda1.js]
[colorashow.com/wp-content/plugins/elementor-pro/assets/js/webpack-pro.runtime.min991d.js]
[colorashow.com/wp-content/plugins/elementor/assets/js/webpack.runtime.minb5ca.js]
[colorashow.com/wp-content/plugins/elementor/assets/js/frontend-modules.minb5ca.js]
[colorashow.com/wp-includes/js/dist/vendor/wp-polyfill-inert.min0226.js]
[colorashow.com/wp-includes/js/dist/vendor/regenerator-runtime.min8fa4.js]
[colorashow.com/wp-includes/js/dist/vendor/wp-polyfill.min2c7c.js]
[colorashow.com/wp-includes/js/dist/hooks.min2ebd.js]
[colorashow.com/wp-includes/js/dist/i18n.minf92f.js]
[colorashow.com/wp-content/plugins/elementor-pro/assets/js/frontend.min991d.js]
[colorashow.com/wp-content/plugins/elementor/assets/lib/waypoints/waypoints.min05da.js]
[colorashow.com/wp-includes/js/jquery/ui/core.min3f14.js]
[colorashow.com/wp-content/plugins/elementor/assets/js/frontend.minb5ca.js]
[colorashow.com/wp-content/plugins/elementor-pro/assets/js/elements-handlers.min991d.js]
[colorashow.com/wp-content/plugins/elementor-pro/assets/lib/sticky/jquery.sticky.min991d.js]
[unpkg.com/ionicons@5.5.2/dist/ionicons/ionicons.esm.js]
[colorashow.com/index.html]
[colorashow.com/wp-includes/css/dist/block-library/style.min9b30.css]
[colorashow.com/wp-content/themes/hello-elementor/style.minc141.css]
[colorashow.com/wp-content/themes/hello-elementor/theme.minc141.css]
[colorashow.com/wp-content/plugins/elementor/assets/css/frontend-lite.minb5ca.css]
[colorashow.com/wp-content/uploads/elementor/css/post-51245.css]
[unpkg.com/ionicons@5.5.2/dist/ionicons/ionicons.js]
[colorashow.com/wp-content/plugins/elementor/assets/lib/eicons/fonts/eiconsd6bb.eot]
[colorashow.com/wp-content/plugins/elementor/assets/lib/eicons/fonts/eiconsd6bb.woff2]
[colorashow.com/wp-content/plugins/elementor/assets/lib/eicons/fonts/eiconsd6bb.woff]
[colorashow.com/wp-content/plugins/elementor/assets/lib/eicons/fonts/eiconsd6bb.ttf]
[colorashow.com/wp-content/plugins/elementor/assets/lib/eicons/css/elementor-icons.min3b94.css]
[colorashow.com/wp-content/plugins/elementor/assets/lib/swiper/v8/css/swiper.min94a4.css]
[colorashow.com/wp-content/plugins/elementor-pro/assets/css/frontend-lite.min991d.css]
[colorashow.com/wp-content/uploads/elementor/css/globalf1fd.css]
[colorashow.com/wp-content/plugins/elementor/assets/lib/eicons/fonts/eiconsd6bb.svg]
[colorashow.com/wp-content/uploads/elementor/css/post-2fe51.css]
[colorashow.com/wp-content/uploads/elementor/css/post-31ddc4.css]
[colorashow.com/wp-content/uploads/elementor/css/post-219c2d3.css]
[colorashow.com/wp-content/plugins/elementor/assets/lib/font-awesome/css/fontawesome.min52d5.css]
[colorashow.com/wp-content/plugins/elementor/assets/lib/font-awesome/webfonts/fa-solid-900.eot]
[colorashow.com/wp-content/plugins/elementor/assets/lib/font-awesome/webfonts/fa-solid-900d41d.eot]
[colorashow.com/wp-content/plugins/elementor/assets/lib/font-awesome/webfonts/fa-solid-900.woff2]
[colorashow.com/wp-content/plugins/elementor/assets/lib/font-awesome/webfonts/fa-solid-900.woff]
[colorashow.com/wp-content/plugins/elementor/assets/lib/font-awesome/webfonts/fa-solid-900.ttf]
[colorashow.com/wp-content/plugins/elementor/assets/lib/font-awesome/css/solid.min52d5.css]
[colorashow.com/wp-content/plugins/elementor/assets/lib/font-awesome/webfonts/fa-brands-400.eot]
[colorashow.com/wp-content/plugins/elementor/assets/lib/font-awesome/webfonts/fa-brands-400d41d.eot]
[colorashow.com/wp-content/plugins/elementor/assets/lib/font-awesome/webfonts/fa-solid-900.svg]
[colorashow.com/wp-content/plugins/elementor/assets/lib/font-awesome/webfonts/fa-brands-400.woff2]
[colorashow.com/wp-content/plugins/elementor/assets/lib/font-awesome/webfonts/fa-brands-400.woff]
[colorashow.com/wp-content/plugins/elementor/assets/lib/font-awesome/webfonts/fa-brands-400.ttf]
[colorashow.com/wp-content/plugins/elementor/assets/lib/font-awesome/css/brands.min52d5.css]
[colorashow.com/a]
[colorashow.com/POST]
[colorashow.com/wp-content/plugins/elementor/assets/lib/font-awesome/webfonts/fa-brands-400.svg]
[colorashow.com/schema.org/index.html]
[colorashow.com/b.resolvedLink]
[colorashow.com/signals/iwl.js]
[connect.facebook.net/en_US/fbevents.js]
[colorashow.com/wp-content/uploads/2023/03/default-monochrome.svg]
[colorashow.com/wp-content/plugins/elementor-pro/assets/css/widget-nav-menu.min.css]
[colorashow.com/wp-content/uploads/elementor/css/post-768b98a.css]
[colorashow.com/wp-json/wp/v2/pages/768.json]
[colorashow.com/wp-json/oembed/1.0/embed6701.json]
[colorashow.com/wp-json/oembed/1.0/embedb9ce]
[colorashow.com/channels/index.html]
[colorashow.com/wp-content/plugins/elementor-pro/assets/css/widget-animated-headline.min.css]
[colorashow.com/wp-content/plugins/elementor/assets/css/widget-icon-box.min.css]
[colorashow.com/wp-content/plugins/elementor/assets/css/widget-icon-list.min.css]
[colorashow.com/wp-content/plugins/elementor-pro/assets/css/widget-carousel.min.css]
[colorashow.com/wp-content/plugins/elementor/assets/lib/e-gallery/css/e-gallery.min7359.css]
[colorashow.com/wp-content/uploads/forminator/css/style-424e68a.css]
[colorashow.com/wp-content/plugins/forminator/assets/forminator-ui/fonts/forminator-icons-font8782.eot]
[colorashow.com/wp-content/plugins/forminator/assets/forminator-ui/fonts/forminator-icons-font8782.woff2]
[colorashow.com/wp-content/plugins/forminator/assets/forminator-ui/fonts/forminator-icons-font8782.woff]
[colorashow.com/wp-content/plugins/forminator/assets/forminator-ui/fonts/forminator-icons-font8782.ttf]
[colorashow.com/wp-content/plugins/forminator/assets/forminator-ui/fonts/forminator-icons-font8782.svg]
[colorashow.com/wp-content/plugins/forminator/assets/forminator-ui/css/forminator-icons.mine833.css]
[colorashow.com/wp-content/plugins/forminator/assets/forminator-ui/css/src/forminator-utilities.mine833.css]
[colorashow.com/wp-content/plugins/forminator/assets/forminator-ui/css/src/grid/forminator-grid.open.mine833.css]
[colorashow.com/wp-content/plugins/forminator/assets/forminator-ui/css/src/form/forminator-form-material.base.mine833.css]
[colorashow.com/wp-content/plugins/forminator/assets/forminator-ui/css/src/form/forminator-form-material.select2.mine833.css]
[colorashow.com/wp-content/plugins/forminator/assets/forminator-ui/css/src/form/forminator-form-material.full.mine833.css]
[colorashow.com/wp-content/plugins/forminator/assets/css/intlTelInput.minfa0c.css]
[colorashow.com/wp-includes/css/buttons.min9b30.css]
[colorashow.com/wp-content/uploads/forminator/css/style-450db2d.css]
[colorashow.com/wp-content/uploads/forminator/css/style-4517e77.css]
[colorashow.com/wp-content/uploads/forminator/css/style-4524a2a.css]
[colorashow.com/wp-content/uploads/forminator/css/style-4538509.css]
[colorashow.com/wp-content/plugins/elementor/assets/lib/animations/animations.minb5ca.css]
[colorashow.com/wp-content/plugins/elementor/assets/lib/eicons/fonts/eiconsd6bb.svg]
[colorashow.com/wp-content/plugins/elementor/assets/lib/font-awesome/webfonts/fa-solid-900.svg]
[colorashow.com/wp-content/plugins/elementor/assets/lib/font-awesome/webfonts/fa-brands-400.svg]
[colorashow.com/a.html]
[colorashow.com/POST.html]
[colorashow.com/schema.org/index.html]
[colorashow.com/b.html]
[colorashow.com/signals/iwl.html]
[colorashow.com/wp-content/uploads/elementor/css/post-768b98a.css]
[colorashow.com/indexb916.html]
[colorashow.com/wp-content/plugins/forminator/assets/forminator-ui/fonts/forminator-icons-font8782.svg]
